<?xml version="1.0" ?>
<testsuites failures="0" name="TestXML" tests="1" time="3.643">
	<testsuite name="Player" failures="0"  tests="4" time="0">
		<testcase name=" disable prevents movement input" time="0"></testcase>
		<testcase name=" death" time="0"></testcase>
		<testcase name=" movement on flat surface" time="0"></testcase>
		<testcase name=" fall gravity is normal" time="0"></testcase>
	</testsuite>

</testsuites>